Hello old helloworld.txt!
Hello new helloworld.txt!
Hello kind helloworld.txt!
Hello cruel helloworld.txt!
